<html>
<body>
<pre>
<h1>µVision Build Log</h1>
<h2>Project:</h2>
C:\Projetos\Embedded\FRDM_RTOS\FRDM_RTOS.uvproj
Project File Date:  08/27/2013

<h2>Output:</h2>
Build target 'FRDM_RTOS'
compiling main.c...
linking...
Program Size: Code=1660 RO-data=236 RW-data=8 ZI-data=1120  
".\Flash\Blinky.axf" - 0 Errors, 0 Warning(s).
Clean started: Project: 'FRDM_RTOS'
   deleting intermediate output files for target 'FRDM_RTOS'
   deleting intermediate output files for target 'ULink-MTB'
   deleting intermediate output files for target 'ULinkPro-MTB'
